npm i @angular/cli@13.3.5

npm install grunt@0.4.5 --save-dev

npm install angular@1.8.4
npm install angular@1.6.6

npm install angular@1.8.4
npm install angular@1.8.0

npm install grunt@VERSION

 npm install angular-websocket --save


npm install grunt-contrib-cssmin --save-dev
npm install grunt-contrib-clean --save-dev
npm install grunt-contrib-compress --save-dev
npm install grunt-contrib-concat --save-dev
npm install grunt-contrib-copy --save-dev
npm install grunt-contrib-cssmin --save-dev
npm install grunt-contrib-jshint --save-dev
npm install grunt-contrib-uglify --save-dev
npm install grunt-html2js --save-dev
npm install grunt-replace --save-dev

PS C:\Projects\workspace\LUI_BAU_D7> npm install angular@1.8.0
npm warn deprecated osenv@0.1.5: This package is no longer supported.
npm warn deprecated inflight@1.0.6: This module is not supported, and leaks memory. Do not use it. Check out lru-cache if you want a good and tested way to coalesce async requests by 
a key value, which is much more comprehensive and powerful.
npm warn deprecated rimraf@2.7.1: Rimraf versions prior to v4 are no longer supported
npm warn deprecated glob@7.2.3: Glob versions prior to v9 are no longer supported
npm warn deprecated graceful-fs@1.2.3: please upgrade to graceful-fs 4 for compatibility with current and future versions of Node.js
npm warn deprecated glob@7.1.7: Glob versions prior to v9 are no longer supported
npm warn deprecated rimraf@2.2.8: Rimraf versions prior to v4 are no longer supported
npm warn deprecated minimatch@0.2.14: Please update to minimatch 3.0.2 or higher to avoid a RegExp DoS issue
npm warn deprecated minimatch@0.3.0: Please update to minimatch 3.0.2 or higher to avoid a RegExp DoS issue
npm warn deprecated glob@3.1.21: Glob versions prior to v9 are no longer supported
npm warn deprecated glob@3.2.11: Glob versions prior to v9 are no longer supported
npm warn deprecated coffee-script@1.3.3: CoffeeScript on NPM has moved to "coffeescript" (no hyphen)
npm warn deprecated coffee-script@1.12.7: CoffeeScript on NPM has moved to "coffeescript" (no hyphen)
npm warn deprecated angular@1.8.0: For the actively supported Angular, see https://www.npmjs.com/package/@angular/core. AngularJS support has officially ended. For extended AngularJS 
support options, see https://goo.gle/angularjs-path-forward.

added 315 packages, and audited 316 packages in 34s

30 packages are looking for funding
  run `npm fund` for details

26 vulnerabilities (1 low, 1 moderate, 17 high, 7 critical)
To address issues that do not require attention, run:
  npm audit fix

To address all issues possible (including breaking changes), run:
  npm audit fix --force

Some issues need review, and may require choosing
a different dependency.

Run `npm audit` for details.
PS C:\Projects\workspace\LUI_BAU_D7> npm install grunt-contrib-cssmin --save-dev

added 3 packages, and audited 319 packages in 7s

30 packages are looking for funding
  run `npm fund` for details

26 vulnerabilities (1 low, 1 moderate, 16 high, 8 critical)
To address issues that do not require attention, run:
  npm audit fix

To address all issues possible (including breaking changes), run:
  npm audit fix --force

Some issues need review, and may require choosing
a different dependency.

Run `npm audit` for details.
Running "jshint:files" (jshint) task

   js/app.js
    118 |        })
                   ^ Missing semicolon.

>> 1 error in 2 files
Warning: Task "jshint:files" failed. Use --force to continue.

Aborted due to warnings.
PS C:\Projects\workspace\LUI_BAU_D7> grunt
Running "jshint:files" (jshint) task
>> 2 files lint free.

Running "concat:dist" (concat) task

Running "uglify:dist" (uglify) task
>> 5 files created 777 kB → 313 kB
Running "cssmin:css" (cssmin) task
>> 3 files created. 44.1 kB → 27.4 kB

Running "replace:dist" (replace) task
>> 11 replacements in 1 file.

Running "compress:dist" (compress) task
>> Compressed 12 files.

Done.
PS C:\Projects\workspace\LUI_BAU_D7> grunt
Running "jshint:files" (jshint) task
>> 2 files lint free.

Running "concat:dist" (concat) task

Running "uglify:dist" (uglify) task
>> 5 files created 777 kB → 313 kB

Running "cssmin:css" (cssmin) task

Running "replace:dist" (replace) task
>> Unable to match 1 pattern, remember for simple matches (String) we are using the prefix @@ for replacement lookup.
>> 0 replacements in 0 files.

Running "compress:dist" (compress) task
>> Compressed 11 files.

Done.
PS C:\Projects\workspace\LUI_BAU_D7>  match 1 pattern, remember for simple matches (String) ^C
PS C:\Projects\workspace\LUI_BAU_D7> npm install angular-websocket --save

added 4 packages, and audited 323 packages in 9s

30 packages are looking for funding
  run `npm fund` for details

26 vulnerabilities (1 low, 1 moderate, 16 high, 8 critical)
To address issues that do not require attention, run:
  npm audit fix

To address all issues possible (including breaking changes), run:
  npm audit fix --force

Some issues need review, and may require choosing
a different dependency.

Run `npm audit` for details.
PS C:\Projects\workspace\LUI_BAU_D7> grunt
Running "jshint:files" (jshint) task
>> 2 files lint free.

Running "concat:dist" (concat) task

Running "uglify:dist" (uglify) task
>> 5 files created 777 kB → 313 kB

Running "cssmin:css" (cssmin) task
>> 3 files created. 44.1 kB → 27.4 kB

Running "replace:dist" (replace) task
>> Unable to match 1 pattern, remember for simple matches (String) we are using the prefix @@ for replacement lookup.
>> 0 replacements in 0 files.

Running "compress:dist" (compress) task
>> Compressed 11 files.

Done.
PS C:\Projects\workspace\LUI_BAU_D7> npm install angular-websocket --save